[0.021s][info][gc,heap] Heap region size: 1M
[0.161s][info][gc     ] Using G1
[0.161s][info][gc,heap,coops] Heap address: 0x00000000c0000000, size: 1024 MB, Compressed Oops mode: 32-bit
[60.781s][info][gc,start     ] GC(0) Pause Young (Normal) (G1 Evacuation Pause)
[60.781s][info][gc,task      ] GC(0) Using 4 workers of 4 for evacuation
[60.793s][info][gc,phases    ] GC(0)   Pre Evacuate Collection Set: 0.1ms
[60.793s][info][gc,phases    ] GC(0)   Evacuate Collection Set: 11.5ms
[60.793s][info][gc,phases    ] GC(0)   Post Evacuate Collection Set: 0.3ms
[60.793s][info][gc,phases    ] GC(0)   Other: 0.4ms
[60.794s][info][gc,heap      ] GC(0) Eden regions: 51->0(44)
[60.794s][info][gc,heap      ] GC(0) Survivor regions: 0->7(7)
[60.794s][info][gc,heap      ] GC(0) Old regions: 0->2
[60.794s][info][gc,heap      ] GC(0) Humongous regions: 0->0
[60.794s][info][gc,metaspace ] GC(0) Metaspace: 8772K->8772K(1056768K)
[60.794s][info][gc           ] GC(0) Pause Young (Normal) (G1 Evacuation Pause) 51M->8M(1024M) 12.939ms
[60.794s][info][gc,cpu       ] GC(0) User=0.05s Sys=0.02s Real=0.01s
[60.894s][info][gc,start     ] GC(1) Pause Young (Normal) (G1 Evacuation Pause)
[60.894s][info][gc,task      ] GC(1) Using 4 workers of 4 for evacuation
[60.910s][info][gc,phases    ] GC(1)   Pre Evacuate Collection Set: 0.0ms
[60.910s][info][gc,phases    ] GC(1)   Evacuate Collection Set: 15.4ms
[60.910s][info][gc,phases    ] GC(1)   Post Evacuate Collection Set: 0.3ms
[60.910s][info][gc,phases    ] GC(1)   Other: 0.2ms
[60.910s][info][gc,heap      ] GC(1) Eden regions: 44->0(44)
[60.910s][info][gc,heap      ] GC(1) Survivor regions: 7->7(7)
[60.910s][info][gc,heap      ] GC(1) Old regions: 2->9
[60.910s][info][gc,heap      ] GC(1) Humongous regions: 1->1
[60.910s][info][gc,metaspace ] GC(1) Metaspace: 8786K->8786K(1056768K)
[60.910s][info][gc           ] GC(1) Pause Young (Normal) (G1 Evacuation Pause) 53M->15M(1024M) 16.150ms
[60.910s][info][gc,cpu       ] GC(1) User=0.06s Sys=0.00s Real=0.02s
[61.022s][info][gc,start     ] GC(2) Pause Young (Normal) (G1 Evacuation Pause)
[61.022s][info][gc,task      ] GC(2) Using 4 workers of 4 for evacuation
[61.039s][info][gc,phases    ] GC(2)   Pre Evacuate Collection Set: 0.0ms
[61.039s][info][gc,phases    ] GC(2)   Evacuate Collection Set: 16.7ms
[61.039s][info][gc,phases    ] GC(2)   Post Evacuate Collection Set: 0.2ms
[61.039s][info][gc,phases    ] GC(2)   Other: 0.2ms
[61.039s][info][gc,heap      ] GC(2) Eden regions: 44->0(44)
[61.039s][info][gc,heap      ] GC(2) Survivor regions: 7->7(7)
[61.039s][info][gc,heap      ] GC(2) Old regions: 9->15
[61.039s][info][gc,heap      ] GC(2) Humongous regions: 3->3
[61.039s][info][gc,metaspace ] GC(2) Metaspace: 8789K->8789K(1056768K)
[61.039s][info][gc           ] GC(2) Pause Young (Normal) (G1 Evacuation Pause) 61M->23M(1024M) 17.421ms
[61.039s][info][gc,cpu       ] GC(2) User=0.09s Sys=0.00s Real=0.02s
[61.138s][info][gc,start     ] GC(3) Pause Young (Normal) (G1 Evacuation Pause)
[61.138s][info][gc,task      ] GC(3) Using 4 workers of 4 for evacuation
[61.156s][info][gc,phases    ] GC(3)   Pre Evacuate Collection Set: 0.0ms
[61.156s][info][gc,phases    ] GC(3)   Evacuate Collection Set: 17.2ms
[61.156s][info][gc,phases    ] GC(3)   Post Evacuate Collection Set: 0.3ms
[61.156s][info][gc,phases    ] GC(3)   Other: 0.2ms
[61.156s][info][gc,heap      ] GC(3) Eden regions: 44->0(45)
[61.156s][info][gc,heap      ] GC(3) Survivor regions: 7->6(7)
[61.156s][info][gc,heap      ] GC(3) Old regions: 15->21
[61.156s][info][gc,heap      ] GC(3) Humongous regions: 3->3
[61.156s][info][gc,metaspace ] GC(3) Metaspace: 8789K->8789K(1056768K)
[61.156s][info][gc           ] GC(3) Pause Young (Normal) (G1 Evacuation Pause) 67M->29M(1024M) 18.021ms
[61.157s][info][gc,cpu       ] GC(3) User=0.06s Sys=0.00s Real=0.02s
[61.301s][info][gc,start     ] GC(4) Pause Young (Normal) (G1 Evacuation Pause)
[61.301s][info][gc,task      ] GC(4) Using 4 workers of 4 for evacuation
[61.320s][info][gc,phases    ] GC(4)   Pre Evacuate Collection Set: 0.0ms
[61.320s][info][gc,phases    ] GC(4)   Evacuate Collection Set: 19.2ms
[61.320s][info][gc,phases    ] GC(4)   Post Evacuate Collection Set: 0.3ms
[61.321s][info][gc,phases    ] GC(4)   Other: 0.2ms
[61.321s][info][gc,heap      ] GC(4) Eden regions: 45->0(44)
[61.321s][info][gc,heap      ] GC(4) Survivor regions: 6->7(7)
[61.321s][info][gc,heap      ] GC(4) Old regions: 21->28
[61.321s][info][gc,heap      ] GC(4) Humongous regions: 3->3
[61.321s][info][gc,metaspace ] GC(4) Metaspace: 8789K->8789K(1056768K)
[61.321s][info][gc           ] GC(4) Pause Young (Normal) (G1 Evacuation Pause) 74M->36M(1024M) 20.105ms
[61.321s][info][gc,cpu       ] GC(4) User=0.08s Sys=0.02s Real=0.02s
[61.460s][info][gc,start     ] GC(5) Pause Young (Normal) (G1 Evacuation Pause)
[61.460s][info][gc,task      ] GC(5) Using 4 workers of 4 for evacuation
[61.483s][info][gc,phases    ] GC(5)   Pre Evacuate Collection Set: 0.0ms
[61.483s][info][gc,phases    ] GC(5)   Evacuate Collection Set: 21.8ms
[61.483s][info][gc,phases    ] GC(5)   Post Evacuate Collection Set: 0.4ms
[61.483s][info][gc,phases    ] GC(5)   Other: 0.2ms
[61.483s][info][gc,heap      ] GC(5) Eden regions: 44->0(44)
[61.483s][info][gc,heap      ] GC(5) Survivor regions: 7->7(7)
[61.483s][info][gc,heap      ] GC(5) Old regions: 28->34
[61.483s][info][gc,heap      ] GC(5) Humongous regions: 6->6
[61.483s][info][gc,metaspace ] GC(5) Metaspace: 8789K->8789K(1056768K)
[61.483s][info][gc           ] GC(5) Pause Young (Normal) (G1 Evacuation Pause) 83M->46M(1024M) 22.545ms
[61.483s][info][gc,cpu       ] GC(5) User=0.13s Sys=0.00s Real=0.02s
[61.587s][info][gc,start     ] GC(6) Pause Young (Normal) (G1 Evacuation Pause)
[61.587s][info][gc,task      ] GC(6) Using 4 workers of 4 for evacuation
[61.607s][info][gc,phases    ] GC(6)   Pre Evacuate Collection Set: 0.0ms
[61.607s][info][gc,phases    ] GC(6)   Evacuate Collection Set: 19.5ms
[61.607s][info][gc,phases    ] GC(6)   Post Evacuate Collection Set: 0.4ms
[61.607s][info][gc,phases    ] GC(6)   Other: 0.2ms
[61.607s][info][gc,heap      ] GC(6) Eden regions: 44->0(70)
[61.607s][info][gc,heap      ] GC(6) Survivor regions: 7->7(7)
[61.607s][info][gc,heap      ] GC(6) Old regions: 34->41
[61.607s][info][gc,heap      ] GC(6) Humongous regions: 6->6
[61.607s][info][gc,metaspace ] GC(6) Metaspace: 8789K->8789K(1056768K)
[61.608s][info][gc           ] GC(6) Pause Young (Normal) (G1 Evacuation Pause) 90M->52M(1024M) 20.312ms
[61.608s][info][gc,cpu       ] GC(6) User=0.06s Sys=0.00s Real=0.02s
[61.750s][info][gc,start     ] GC(7) Pause Young (Normal) (G1 Evacuation Pause)
[61.750s][info][gc,task      ] GC(7) Using 4 workers of 4 for evacuation
[61.778s][info][gc,phases    ] GC(7)   Pre Evacuate Collection Set: 0.0ms
[61.778s][info][gc,phases    ] GC(7)   Evacuate Collection Set: 27.6ms
[61.778s][info][gc,phases    ] GC(7)   Post Evacuate Collection Set: 0.3ms
[61.778s][info][gc,phases    ] GC(7)   Other: 0.2ms
[61.778s][info][gc,heap      ] GC(7) Eden regions: 70->0(162)
[61.778s][info][gc,heap      ] GC(7) Survivor regions: 7->10(10)
[61.778s][info][gc,heap      ] GC(7) Old regions: 41->47
[61.778s][info][gc,heap      ] GC(7) Humongous regions: 6->6
[61.778s][info][gc,metaspace ] GC(7) Metaspace: 8789K->8789K(1056768K)
[61.778s][info][gc           ] GC(7) Pause Young (Normal) (G1 Evacuation Pause) 122M->62M(1024M) 28.412ms
[61.778s][info][gc,cpu       ] GC(7) User=0.11s Sys=0.02s Real=0.03s
[62.113s][info][gc,start     ] GC(8) Pause Young (Normal) (G1 Evacuation Pause)
[62.113s][info][gc,task      ] GC(8) Using 4 workers of 4 for evacuation
[62.164s][info][gc,phases    ] GC(8)   Pre Evacuate Collection Set: 0.0ms
[62.164s][info][gc,phases    ] GC(8)   Evacuate Collection Set: 50.4ms
[62.164s][info][gc,phases    ] GC(8)   Post Evacuate Collection Set: 0.4ms
[62.164s][info][gc,phases    ] GC(8)   Other: 0.2ms
[62.164s][info][gc,heap      ] GC(8) Eden regions: 138->0(95)
[62.164s][info][gc,heap      ] GC(8) Survivor regions: 10->19(19)
[62.164s][info][gc,heap      ] GC(8) Old regions: 47->56
[62.164s][info][gc,heap      ] GC(8) Humongous regions: 11->11
[62.164s][info][gc,metaspace ] GC(8) Metaspace: 8793K->8793K(1056768K)
[62.164s][info][gc           ] GC(8) Pause Young (Normal) (G1 Evacuation Pause) 205M->86M(1024M) 51.327ms
[62.164s][info][gc,cpu       ] GC(8) User=0.13s Sys=0.05s Real=0.05s
[66.334s][info][gc,start     ] GC(9) Pause Young (Normal) (G1 Evacuation Pause)
[66.334s][info][gc,task      ] GC(9) Using 4 workers of 4 for evacuation
[66.393s][info][gc,phases    ] GC(9)   Pre Evacuate Collection Set: 0.0ms
[66.393s][info][gc,phases    ] GC(9)   Evacuate Collection Set: 58.1ms
[66.393s][info][gc,phases    ] GC(9)   Post Evacuate Collection Set: 0.5ms
[66.393s][info][gc,phases    ] GC(9)   Other: 0.2ms
[66.393s][info][gc,heap      ] GC(9) Eden regions: 87->0(89)
[66.393s][info][gc,heap      ] GC(9) Survivor regions: 19->12(14)
[66.393s][info][gc,heap      ] GC(9) Old regions: 56->76
[66.393s][info][gc,heap      ] GC(9) Humongous regions: 18->18
[66.393s][info][gc,metaspace ] GC(9) Metaspace: 9005K->9005K(1058816K)
[66.393s][info][gc           ] GC(9) Pause Young (Normal) (G1 Evacuation Pause) 180M->105M(1024M) 59.184ms
[66.393s][info][gc,cpu       ] GC(9) User=0.23s Sys=0.02s Real=0.06s
[67.167s][info][gc,start     ] GC(10) Pause Young (Normal) (G1 Evacuation Pause)
[67.167s][info][gc,task      ] GC(10) Using 4 workers of 4 for evacuation
[67.196s][info][gc,phases    ] GC(10)   Pre Evacuate Collection Set: 0.0ms
[67.196s][info][gc,phases    ] GC(10)   Evacuate Collection Set: 28.4ms
[67.196s][info][gc,phases    ] GC(10)   Post Evacuate Collection Set: 0.2ms
[67.196s][info][gc,phases    ] GC(10)   Other: 0.2ms
[67.196s][info][gc,heap      ] GC(10) Eden regions: 89->0(134)
[67.196s][info][gc,heap      ] GC(10) Survivor regions: 12->5(13)
[67.196s][info][gc,heap      ] GC(10) Old regions: 76->88
[67.196s][info][gc,heap      ] GC(10) Humongous regions: 18->18
[67.196s][info][gc,metaspace ] GC(10) Metaspace: 9052K->9052K(1058816K)
[67.197s][info][gc           ] GC(10) Pause Young (Normal) (G1 Evacuation Pause) 194M->110M(1024M) 29.158ms
[67.197s][info][gc,cpu       ] GC(10) User=0.13s Sys=0.00s Real=0.03s
[68.135s][info][gc,start     ] GC(11) Pause Young (Normal) (G1 Evacuation Pause)
[68.135s][info][gc,task      ] GC(11) Using 4 workers of 4 for evacuation
[68.143s][info][gc,phases    ] GC(11)   Pre Evacuate Collection Set: 0.0ms
[68.143s][info][gc,phases    ] GC(11)   Evacuate Collection Set: 7.6ms
[68.144s][info][gc,phases    ] GC(11)   Post Evacuate Collection Set: 0.2ms
[68.144s][info][gc,phases    ] GC(11)   Other: 0.1ms
[68.144s][info][gc,heap      ] GC(11) Eden regions: 134->0(188)
[68.144s][info][gc,heap      ] GC(11) Survivor regions: 5->8(18)
[68.144s][info][gc,heap      ] GC(11) Old regions: 88->88
[68.144s][info][gc,heap      ] GC(11) Humongous regions: 18->18
[68.144s][info][gc,metaspace ] GC(11) Metaspace: 9052K->9052K(1058816K)
[68.144s][info][gc           ] GC(11) Pause Young (Normal) (G1 Evacuation Pause) 244M->113M(1024M) 8.291ms
[68.144s][info][gc,cpu       ] GC(11) User=0.00s Sys=0.00s Real=0.01s
[69.145s][info][gc,start     ] GC(12) Pause Young (Normal) (G1 Evacuation Pause)
[69.145s][info][gc,task      ] GC(12) Using 4 workers of 4 for evacuation
[69.158s][info][gc,phases    ] GC(12)   Pre Evacuate Collection Set: 0.0ms
[69.158s][info][gc,phases    ] GC(12)   Evacuate Collection Set: 12.4ms
[69.158s][info][gc,phases    ] GC(12)   Post Evacuate Collection Set: 0.3ms
[69.158s][info][gc,phases    ] GC(12)   Other: 0.2ms
[69.158s][info][gc,heap      ] GC(12) Eden regions: 188->0(601)
[69.158s][info][gc,heap      ] GC(12) Survivor regions: 8->13(25)
[69.158s][info][gc,heap      ] GC(12) Old regions: 88->88
[69.158s][info][gc,heap      ] GC(12) Humongous regions: 18->18
[69.158s][info][gc,metaspace ] GC(12) Metaspace: 9052K->9052K(1058816K)
[69.158s][info][gc           ] GC(12) Pause Young (Normal) (G1 Evacuation Pause) 301M->118M(1024M) 13.111ms
[69.158s][info][gc,cpu       ] GC(12) User=0.03s Sys=0.03s Real=0.01s
[72.370s][info][gc,start     ] GC(13) Pause Young (Normal) (G1 Evacuation Pause)
[72.370s][info][gc,task      ] GC(13) Using 4 workers of 4 for evacuation
[72.402s][info][gc,phases    ] GC(13)   Pre Evacuate Collection Set: 0.0ms
[72.402s][info][gc,phases    ] GC(13)   Evacuate Collection Set: 31.2ms
[72.402s][info][gc,phases    ] GC(13)   Post Evacuate Collection Set: 0.5ms
[72.402s][info][gc,phases    ] GC(13)   Other: 0.3ms
[72.402s][info][gc,heap      ] GC(13) Eden regions: 601->0(583)
[72.402s][info][gc,heap      ] GC(13) Survivor regions: 13->31(77)
[72.402s][info][gc,heap      ] GC(13) Old regions: 88->88
[72.402s][info][gc,heap      ] GC(13) Humongous regions: 19->19
[72.403s][info][gc,metaspace ] GC(13) Metaspace: 9052K->9052K(1058816K)
[72.403s][info][gc           ] GC(13) Pause Young (Normal) (G1 Evacuation Pause) 720M->138M(1024M) 32.338ms
[72.403s][info][gc,cpu       ] GC(13) User=0.11s Sys=0.02s Real=0.03s
[75.292s][info][gc,start     ] GC(14) Pause Young (Normal) (G1 Evacuation Pause)
[75.292s][info][gc,task      ] GC(14) Using 4 workers of 4 for evacuation
[75.335s][info][gc,phases    ] GC(14)   Pre Evacuate Collection Set: 0.0ms
[75.336s][info][gc,phases    ] GC(14)   Evacuate Collection Set: 42.9ms
[75.336s][info][gc,phases    ] GC(14)   Post Evacuate Collection Set: 0.5ms
[75.336s][info][gc,phases    ] GC(14)   Other: 0.2ms
[75.336s][info][gc,heap      ] GC(14) Eden regions: 583->0(565)
[75.336s][info][gc,heap      ] GC(14) Survivor regions: 31->49(77)
[75.336s][info][gc,heap      ] GC(14) Old regions: 88->88
[75.336s][info][gc,heap      ] GC(14) Humongous regions: 21->21
[75.336s][info][gc,metaspace ] GC(14) Metaspace: 9052K->9052K(1058816K)
[75.336s][info][gc           ] GC(14) Pause Young (Normal) (G1 Evacuation Pause) 723M->157M(1024M) 43.867ms
[75.336s][info][gc,cpu       ] GC(14) User=0.11s Sys=0.02s Real=0.04s
[78.108s][info][gc,start     ] GC(15) Pause Young (Normal) (G1 Evacuation Pause)
[78.109s][info][gc,task      ] GC(15) Using 4 workers of 4 for evacuation
[78.168s][info][gc,phases    ] GC(15)   Pre Evacuate Collection Set: 0.0ms
[78.168s][info][gc,phases    ] GC(15)   Evacuate Collection Set: 58.4ms
[78.168s][info][gc,phases    ] GC(15)   Post Evacuate Collection Set: 0.5ms
[78.168s][info][gc,phases    ] GC(15)   Other: 0.2ms
[78.168s][info][gc,heap      ] GC(15) Eden regions: 565->0(561)
[78.168s][info][gc,heap      ] GC(15) Survivor regions: 49->53(77)
[78.168s][info][gc,heap      ] GC(15) Old regions: 88->101
[78.168s][info][gc,heap      ] GC(15) Humongous regions: 21->21
[78.168s][info][gc,metaspace ] GC(15) Metaspace: 9052K->9052K(1058816K)
[78.168s][info][gc           ] GC(15) Pause Young (Normal) (G1 Evacuation Pause) 722M->173M(1024M) 59.507ms
[78.168s][info][gc,cpu       ] GC(15) User=0.23s Sys=0.00s Real=0.06s
[80.953s][info][gc,start     ] GC(16) Pause Young (Normal) (G1 Evacuation Pause)
[80.953s][info][gc,task      ] GC(16) Using 4 workers of 4 for evacuation
[81.015s][info][gc,phases    ] GC(16)   Pre Evacuate Collection Set: 0.0ms
[81.015s][info][gc,phases    ] GC(16)   Evacuate Collection Set: 61.4ms
[81.015s][info][gc,phases    ] GC(16)   Post Evacuate Collection Set: 0.5ms
[81.015s][info][gc,phases    ] GC(16)   Other: 0.2ms
[81.015s][info][gc,heap      ] GC(16) Eden regions: 561->0(562)
[81.015s][info][gc,heap      ] GC(16) Survivor regions: 53->52(77)
[81.015s][info][gc,heap      ] GC(16) Old regions: 101->119
[81.015s][info][gc,heap      ] GC(16) Humongous regions: 21->21
[81.015s][info][gc,metaspace ] GC(16) Metaspace: 9052K->9052K(1058816K)
[81.015s][info][gc           ] GC(16) Pause Young (Normal) (G1 Evacuation Pause) 734M->191M(1024M) 62.347ms
[81.015s][info][gc,cpu       ] GC(16) User=0.23s Sys=0.00s Real=0.06s
[83.802s][info][gc,start     ] GC(17) Pause Young (Normal) (G1 Evacuation Pause)
[83.802s][info][gc,task      ] GC(17) Using 4 workers of 4 for evacuation
[83.867s][info][gc,phases    ] GC(17)   Pre Evacuate Collection Set: 0.0ms
[83.868s][info][gc,phases    ] GC(17)   Evacuate Collection Set: 64.4ms
[83.868s][info][gc,phases    ] GC(17)   Post Evacuate Collection Set: 0.5ms
[83.868s][info][gc,phases    ] GC(17)   Other: 0.2ms
[83.868s][info][gc,heap      ] GC(17) Eden regions: 562->0(562)
[83.868s][info][gc,heap      ] GC(17) Survivor regions: 52->52(77)
[83.868s][info][gc,heap      ] GC(17) Old regions: 119->137
[83.868s][info][gc,heap      ] GC(17) Humongous regions: 24->24
[83.868s][info][gc,metaspace ] GC(17) Metaspace: 9052K->9052K(1058816K)
[83.868s][info][gc           ] GC(17) Pause Young (Normal) (G1 Evacuation Pause) 756M->212M(1024M) 65.483ms
[83.868s][info][gc,cpu       ] GC(17) User=0.27s Sys=0.00s Real=0.07s
[86.620s][info][gc,start     ] GC(18) Pause Young (Normal) (G1 Evacuation Pause)
[86.620s][info][gc,task      ] GC(18) Using 4 workers of 4 for evacuation
[86.686s][info][gc,phases    ] GC(18)   Pre Evacuate Collection Set: 0.0ms
[86.686s][info][gc,phases    ] GC(18)   Evacuate Collection Set: 64.8ms
[86.686s][info][gc,phases    ] GC(18)   Post Evacuate Collection Set: 0.6ms
[86.686s][info][gc,phases    ] GC(18)   Other: 0.2ms
[86.686s][info][gc,heap      ] GC(18) Eden regions: 562->0(563)
[86.686s][info][gc,heap      ] GC(18) Survivor regions: 52->51(77)
[86.686s][info][gc,heap      ] GC(18) Old regions: 137->155
[86.686s][info][gc,heap      ] GC(18) Humongous regions: 24->24
[86.686s][info][gc,metaspace ] GC(18) Metaspace: 9052K->9052K(1058816K)
[86.686s][info][gc           ] GC(18) Pause Young (Normal) (G1 Evacuation Pause) 774M->229M(1024M) 65.887ms
[86.686s][info][gc,cpu       ] GC(18) User=0.25s Sys=0.00s Real=0.07s
[89.443s][info][gc,start     ] GC(19) Pause Young (Normal) (G1 Evacuation Pause)
[89.443s][info][gc,task      ] GC(19) Using 4 workers of 4 for evacuation
[89.511s][info][gc,phases    ] GC(19)   Pre Evacuate Collection Set: 0.0ms
[89.511s][info][gc,phases    ] GC(19)   Evacuate Collection Set: 67.3ms
[89.511s][info][gc,phases    ] GC(19)   Post Evacuate Collection Set: 0.5ms
[89.511s][info][gc,phases    ] GC(19)   Other: 0.3ms
[89.512s][info][gc,heap      ] GC(19) Eden regions: 563->0(562)
[89.512s][info][gc,heap      ] GC(19) Survivor regions: 51->52(77)
[89.512s][info][gc,heap      ] GC(19) Old regions: 155->172
[89.512s][info][gc,heap      ] GC(19) Humongous regions: 24->24
[89.512s][info][gc,metaspace ] GC(19) Metaspace: 9052K->9052K(1058816K)
[89.512s][info][gc           ] GC(19) Pause Young (Normal) (G1 Evacuation Pause) 792M->247M(1024M) 68.360ms
[89.512s][info][gc,cpu       ] GC(19) User=0.30s Sys=0.00s Real=0.07s
[92.302s][info][gc,start     ] GC(20) Pause Young (Normal) (G1 Evacuation Pause)
[92.302s][info][gc,task      ] GC(20) Using 4 workers of 4 for evacuation
[92.370s][info][gc,phases    ] GC(20)   Pre Evacuate Collection Set: 0.0ms
[92.370s][info][gc,phases    ] GC(20)   Evacuate Collection Set: 66.9ms
[92.370s][info][gc,phases    ] GC(20)   Post Evacuate Collection Set: 0.6ms
[92.370s][info][gc,phases    ] GC(20)   Other: 0.3ms
[92.370s][info][gc,heap      ] GC(20) Eden regions: 562->0(563)
[92.370s][info][gc,heap      ] GC(20) Survivor regions: 52->51(77)
[92.370s][info][gc,heap      ] GC(20) Old regions: 172->190
[92.370s][info][gc,heap      ] GC(20) Humongous regions: 24->24
[92.370s][info][gc,metaspace ] GC(20) Metaspace: 9052K->9052K(1058816K)
[92.370s][info][gc           ] GC(20) Pause Young (Normal) (G1 Evacuation Pause) 809M->264M(1024M) 68.124ms
[92.370s][info][gc,cpu       ] GC(20) User=0.30s Sys=0.02s Real=0.07s
[95.158s][info][gc,start     ] GC(21) Pause Young (Normal) (G1 Evacuation Pause)
[95.158s][info][gc,task      ] GC(21) Using 4 workers of 4 for evacuation
[95.229s][info][gc,phases    ] GC(21)   Pre Evacuate Collection Set: 0.0ms
[95.229s][info][gc,phases    ] GC(21)   Evacuate Collection Set: 69.4ms
[95.229s][info][gc,phases    ] GC(21)   Post Evacuate Collection Set: 0.7ms
[95.229s][info][gc,phases    ] GC(21)   Other: 0.3ms
[95.229s][info][gc,heap      ] GC(21) Eden regions: 563->0(562)
[95.229s][info][gc,heap      ] GC(21) Survivor regions: 51->52(77)
[95.229s][info][gc,heap      ] GC(21) Old regions: 190->207
[95.229s][info][gc,heap      ] GC(21) Humongous regions: 29->29
[95.229s][info][gc,metaspace ] GC(21) Metaspace: 9052K->9052K(1058816K)
[95.229s][info][gc           ] GC(21) Pause Young (Normal) (G1 Evacuation Pause) 832M->287M(1024M) 70.787ms
[95.229s][info][gc,cpu       ] GC(21) User=0.31s Sys=0.00s Real=0.07s
[98.016s][info][gc,start     ] GC(22) Pause Young (Normal) (G1 Evacuation Pause)
[98.016s][info][gc,task      ] GC(22) Using 4 workers of 4 for evacuation
[98.086s][info][gc,phases    ] GC(22)   Pre Evacuate Collection Set: 0.0ms
[98.086s][info][gc,phases    ] GC(22)   Evacuate Collection Set: 68.5ms
[98.086s][info][gc,phases    ] GC(22)   Post Evacuate Collection Set: 0.6ms
[98.086s][info][gc,phases    ] GC(22)   Other: 0.3ms
[98.086s][info][gc,heap      ] GC(22) Eden regions: 562->0(563)
[98.086s][info][gc,heap      ] GC(22) Survivor regions: 52->51(77)
[98.086s][info][gc,heap      ] GC(22) Old regions: 207->225
[98.086s][info][gc,heap      ] GC(22) Humongous regions: 29->29
[98.086s][info][gc,metaspace ] GC(22) Metaspace: 9052K->9052K(1058816K)
[98.086s][info][gc           ] GC(22) Pause Young (Normal) (G1 Evacuation Pause) 849M->305M(1024M) 69.656ms
[98.086s][info][gc,cpu       ] GC(22) User=0.25s Sys=0.02s Real=0.07s
[100.880s][info][gc,start     ] GC(23) Pause Young (Normal) (G1 Evacuation Pause)
[100.880s][info][gc,task      ] GC(23) Using 4 workers of 4 for evacuation
[100.950s][info][gc,phases    ] GC(23)   Pre Evacuate Collection Set: 0.0ms
[100.950s][info][gc,phases    ] GC(23)   Evacuate Collection Set: 69.1ms
[100.950s][info][gc,phases    ] GC(23)   Post Evacuate Collection Set: 0.6ms
[100.950s][info][gc,phases    ] GC(23)   Other: 0.3ms
[100.950s][info][gc,heap      ] GC(23) Eden regions: 563->0(547)
[100.950s][info][gc,heap      ] GC(23) Survivor regions: 51->51(77)
[100.950s][info][gc,heap      ] GC(23) Old regions: 225->243
[100.950s][info][gc,heap      ] GC(23) Humongous regions: 29->29
[100.950s][info][gc,metaspace ] GC(23) Metaspace: 9052K->9052K(1058816K)
[100.950s][info][gc           ] GC(23) Pause Young (Normal) (G1 Evacuation Pause) 868M->322M(1024M) 70.362ms
[100.950s][info][gc,cpu       ] GC(23) User=0.31s Sys=0.00s Real=0.07s
