[0.020s][info][gc,heap] Heap region size: 1M
[0.052s][info][gc     ] Using G1
[0.053s][info][gc,heap,coops] Heap address: 0x00000000c0000000, size: 1024 MB, Compressed Oops mode: 32-bit
[8.079s][info][gc,start     ] GC(0) Pause Young (Normal) (G1 Evacuation Pause)
[8.079s][info][gc,task      ] GC(0) Using 4 workers of 4 for evacuation
[8.090s][info][gc,phases    ] GC(0)   Pre Evacuate Collection Set: 0.0ms
[8.090s][info][gc,phases    ] GC(0)   Evacuate Collection Set: 10.5ms
[8.090s][info][gc,phases    ] GC(0)   Post Evacuate Collection Set: 0.3ms
[8.090s][info][gc,phases    ] GC(0)   Other: 0.5ms
[8.090s][info][gc,heap      ] GC(0) Eden regions: 51->0(44)
[8.090s][info][gc,heap      ] GC(0) Survivor regions: 0->7(7)
[8.090s][info][gc,heap      ] GC(0) Old regions: 0->2
[8.090s][info][gc,heap      ] GC(0) Humongous regions: 0->0
[8.090s][info][gc,metaspace ] GC(0) Metaspace: 8773K->8773K(1056768K)
[8.090s][info][gc           ] GC(0) Pause Young (Normal) (G1 Evacuation Pause) 51M->8M(1024M) 11.944ms
[8.091s][info][gc,cpu       ] GC(0) User=0.00s Sys=0.00s Real=0.01s
[8.215s][info][gc,start     ] GC(1) Pause Young (Normal) (G1 Evacuation Pause)
[8.215s][info][gc,task      ] GC(1) Using 4 workers of 4 for evacuation
[8.230s][info][gc,phases    ] GC(1)   Pre Evacuate Collection Set: 0.0ms
[8.230s][info][gc,phases    ] GC(1)   Evacuate Collection Set: 14.7ms
[8.230s][info][gc,phases    ] GC(1)   Post Evacuate Collection Set: 0.2ms
[8.230s][info][gc,phases    ] GC(1)   Other: 0.2ms
[8.230s][info][gc,heap      ] GC(1) Eden regions: 44->0(44)
[8.230s][info][gc,heap      ] GC(1) Survivor regions: 7->7(7)
[8.230s][info][gc,heap      ] GC(1) Old regions: 2->9
[8.230s][info][gc,heap      ] GC(1) Humongous regions: 1->1
[8.230s][info][gc,metaspace ] GC(1) Metaspace: 8786K->8786K(1056768K)
[8.230s][info][gc           ] GC(1) Pause Young (Normal) (G1 Evacuation Pause) 53M->15M(1024M) 15.399ms
[8.230s][info][gc,cpu       ] GC(1) User=0.06s Sys=0.00s Real=0.01s
[8.344s][info][gc,start     ] GC(2) Pause Young (Normal) (G1 Evacuation Pause)
[8.344s][info][gc,task      ] GC(2) Using 4 workers of 4 for evacuation
[8.361s][info][gc,phases    ] GC(2)   Pre Evacuate Collection Set: 0.0ms
[8.361s][info][gc,phases    ] GC(2)   Evacuate Collection Set: 15.9ms
[8.361s][info][gc,phases    ] GC(2)   Post Evacuate Collection Set: 0.2ms
[8.361s][info][gc,phases    ] GC(2)   Other: 0.2ms
[8.361s][info][gc,heap      ] GC(2) Eden regions: 44->0(44)
[8.361s][info][gc,heap      ] GC(2) Survivor regions: 7->7(7)
[8.361s][info][gc,heap      ] GC(2) Old regions: 9->15
[8.361s][info][gc,heap      ] GC(2) Humongous regions: 3->3
[8.361s][info][gc,metaspace ] GC(2) Metaspace: 8789K->8789K(1056768K)
[8.361s][info][gc           ] GC(2) Pause Young (Normal) (G1 Evacuation Pause) 61M->23M(1024M) 16.565ms
[8.361s][info][gc,cpu       ] GC(2) User=0.06s Sys=0.00s Real=0.02s
[8.475s][info][gc,start     ] GC(3) Pause Young (Normal) (G1 Evacuation Pause)
[8.476s][info][gc,task      ] GC(3) Using 4 workers of 4 for evacuation
[8.493s][info][gc,phases    ] GC(3)   Pre Evacuate Collection Set: 0.0ms
[8.493s][info][gc,phases    ] GC(3)   Evacuate Collection Set: 17.2ms
[8.493s][info][gc,phases    ] GC(3)   Post Evacuate Collection Set: 0.3ms
[8.493s][info][gc,phases    ] GC(3)   Other: 0.2ms
[8.493s][info][gc,heap      ] GC(3) Eden regions: 44->0(44)
[8.493s][info][gc,heap      ] GC(3) Survivor regions: 7->7(7)
[8.493s][info][gc,heap      ] GC(3) Old regions: 15->21
[8.493s][info][gc,heap      ] GC(3) Humongous regions: 3->3
[8.493s][info][gc,metaspace ] GC(3) Metaspace: 8789K->8789K(1056768K)
[8.493s][info][gc           ] GC(3) Pause Young (Normal) (G1 Evacuation Pause) 67M->30M(1024M) 17.843ms
[8.493s][info][gc,cpu       ] GC(3) User=0.06s Sys=0.00s Real=0.02s
[8.625s][info][gc,start     ] GC(4) Pause Young (Normal) (G1 Evacuation Pause)
[8.625s][info][gc,task      ] GC(4) Using 4 workers of 4 for evacuation
[8.644s][info][gc,phases    ] GC(4)   Pre Evacuate Collection Set: 0.0ms
[8.644s][info][gc,phases    ] GC(4)   Evacuate Collection Set: 18.3ms
[8.644s][info][gc,phases    ] GC(4)   Post Evacuate Collection Set: 0.3ms
[8.644s][info][gc,phases    ] GC(4)   Other: 0.2ms
[8.644s][info][gc,heap      ] GC(4) Eden regions: 44->0(44)
[8.644s][info][gc,heap      ] GC(4) Survivor regions: 7->7(7)
[8.644s][info][gc,heap      ] GC(4) Old regions: 21->27
[8.644s][info][gc,heap      ] GC(4) Humongous regions: 3->3
[8.644s][info][gc,metaspace ] GC(4) Metaspace: 8789K->8789K(1056768K)
[8.644s][info][gc           ] GC(4) Pause Young (Normal) (G1 Evacuation Pause) 74M->36M(1024M) 19.180ms
[8.644s][info][gc,cpu       ] GC(4) User=0.06s Sys=0.00s Real=0.02s
[8.760s][info][gc,start     ] GC(5) Pause Young (Normal) (G1 Evacuation Pause)
[8.760s][info][gc,task      ] GC(5) Using 4 workers of 4 for evacuation
[8.781s][info][gc,phases    ] GC(5)   Pre Evacuate Collection Set: 0.0ms
[8.781s][info][gc,phases    ] GC(5)   Evacuate Collection Set: 20.7ms
[8.781s][info][gc,phases    ] GC(5)   Post Evacuate Collection Set: 0.3ms
[8.781s][info][gc,phases    ] GC(5)   Other: 0.2ms
[8.782s][info][gc,heap      ] GC(5) Eden regions: 44->0(44)
[8.782s][info][gc,heap      ] GC(5) Survivor regions: 7->7(7)
[8.782s][info][gc,heap      ] GC(5) Old regions: 27->34
[8.782s][info][gc,heap      ] GC(5) Humongous regions: 6->6
[8.782s][info][gc,metaspace ] GC(5) Metaspace: 8789K->8789K(1056768K)
[8.782s][info][gc           ] GC(5) Pause Young (Normal) (G1 Evacuation Pause) 83M->46M(1024M) 21.541ms
[8.782s][info][gc,cpu       ] GC(5) User=0.11s Sys=0.00s Real=0.02s
[8.858s][info][gc,start     ] GC(6) Pause Young (Normal) (G1 Evacuation Pause)
[8.858s][info][gc,task      ] GC(6) Using 4 workers of 4 for evacuation
[8.877s][info][gc,phases    ] GC(6)   Pre Evacuate Collection Set: 0.0ms
[8.877s][info][gc,phases    ] GC(6)   Evacuate Collection Set: 19.1ms
[8.877s][info][gc,phases    ] GC(6)   Post Evacuate Collection Set: 0.4ms
[8.877s][info][gc,phases    ] GC(6)   Other: 0.2ms
[8.877s][info][gc,heap      ] GC(6) Eden regions: 44->0(105)
[8.877s][info][gc,heap      ] GC(6) Survivor regions: 7->7(7)
[8.877s][info][gc,heap      ] GC(6) Old regions: 34->40
[8.878s][info][gc,heap      ] GC(6) Humongous regions: 6->6
[8.878s][info][gc,metaspace ] GC(6) Metaspace: 8789K->8789K(1056768K)
[8.878s][info][gc           ] GC(6) Pause Young (Normal) (G1 Evacuation Pause) 90M->51M(1024M) 19.855ms
[8.878s][info][gc,cpu       ] GC(6) User=0.06s Sys=0.00s Real=0.02s
[9.100s][info][gc,start     ] GC(7) Pause Young (Normal) (G1 Evacuation Pause)
[9.100s][info][gc,task      ] GC(7) Using 4 workers of 4 for evacuation
[9.135s][info][gc,phases    ] GC(7)   Pre Evacuate Collection Set: 0.0ms
[9.135s][info][gc,phases    ] GC(7)   Evacuate Collection Set: 34.8ms
[9.135s][info][gc,phases    ] GC(7)   Post Evacuate Collection Set: 0.4ms
[9.135s][info][gc,phases    ] GC(7)   Other: 0.2ms
[9.135s][info][gc,heap      ] GC(7) Eden regions: 105->0(87)
[9.135s][info][gc,heap      ] GC(7) Survivor regions: 7->14(14)
[9.135s][info][gc,heap      ] GC(7) Old regions: 40->46
[9.135s][info][gc,heap      ] GC(7) Humongous regions: 6->6
[9.135s][info][gc,metaspace ] GC(7) Metaspace: 8789K->8789K(1056768K)
[9.135s][info][gc           ] GC(7) Pause Young (Normal) (G1 Evacuation Pause) 156M->66M(1024M) 35.737ms
[9.135s][info][gc,cpu       ] GC(7) User=0.13s Sys=0.00s Real=0.04s
[9.371s][info][gc,start     ] GC(8) Pause Young (Normal) (G1 Evacuation Pause)
[9.371s][info][gc,task      ] GC(8) Using 4 workers of 4 for evacuation
[9.409s][info][gc,phases    ] GC(8)   Pre Evacuate Collection Set: 0.0ms
[9.409s][info][gc,phases    ] GC(8)   Evacuate Collection Set: 38.0ms
[9.409s][info][gc,phases    ] GC(8)   Post Evacuate Collection Set: 0.4ms
[9.409s][info][gc,phases    ] GC(8)   Other: 0.2ms
[9.409s][info][gc,heap      ] GC(8) Eden regions: 87->0(77)
[9.409s][info][gc,heap      ] GC(8) Survivor regions: 14->13(13)
[9.409s][info][gc,heap      ] GC(8) Old regions: 46->61
[9.409s][info][gc,heap      ] GC(8) Humongous regions: 11->11
[9.409s][info][gc,metaspace ] GC(8) Metaspace: 8794K->8794K(1056768K)
[9.410s][info][gc           ] GC(8) Pause Young (Normal) (G1 Evacuation Pause) 158M->84M(1024M) 38.955ms
[9.410s][info][gc,cpu       ] GC(8) User=0.19s Sys=0.00s Real=0.04s
[9.557s][info][gc,start     ] GC(9) Pause Young (Normal) (G1 Evacuation Pause)
[9.557s][info][gc,task      ] GC(9) Using 4 workers of 4 for evacuation
[9.593s][info][gc,phases    ] GC(9)   Pre Evacuate Collection Set: 0.0ms
[9.593s][info][gc,phases    ] GC(9)   Evacuate Collection Set: 35.9ms
[9.593s][info][gc,phases    ] GC(9)   Post Evacuate Collection Set: 0.5ms
[9.594s][info][gc,phases    ] GC(9)   Other: 0.2ms
[9.594s][info][gc,heap      ] GC(9) Eden regions: 77->0(116)
[9.594s][info][gc,heap      ] GC(9) Survivor regions: 13->11(12)
[9.594s][info][gc,heap      ] GC(9) Old regions: 61->74
[9.594s][info][gc,heap      ] GC(9) Humongous regions: 11->11
[9.594s][info][gc,metaspace ] GC(9) Metaspace: 8794K->8794K(1056768K)
[9.594s][info][gc           ] GC(9) Pause Young (Normal) (G1 Evacuation Pause) 161M->95M(1024M) 36.801ms
[9.594s][info][gc,cpu       ] GC(9) User=0.19s Sys=0.00s Real=0.04s
[13.130s][info][gc,start     ] GC(10) Pause Young (Normal) (G1 Evacuation Pause)
[13.130s][info][gc,task      ] GC(10) Using 4 workers of 4 for evacuation
[13.166s][info][gc,phases    ] GC(10)   Pre Evacuate Collection Set: 0.0ms
[13.166s][info][gc,phases    ] GC(10)   Evacuate Collection Set: 35.6ms
[13.166s][info][gc,phases    ] GC(10)   Post Evacuate Collection Set: 0.5ms
[13.166s][info][gc,phases    ] GC(10)   Other: 0.2ms
[13.166s][info][gc,heap      ] GC(10) Eden regions: 40->0(144)
[13.166s][info][gc,heap      ] GC(10) Survivor regions: 11->5(7)
[13.166s][info][gc,heap      ] GC(10) Old regions: 74->85
[13.166s][info][gc,heap      ] GC(10) Humongous regions: 18->18
[13.166s][info][gc,metaspace ] GC(10) Metaspace: 9023K->9023K(1058816K)
[13.166s][info][gc           ] GC(10) Pause Young (Normal) (G1 Evacuation Pause) 142M->107M(1024M) 36.650ms
[13.166s][info][gc,cpu       ] GC(10) User=0.11s Sys=0.02s Real=0.04s
[14.316s][info][gc,start     ] GC(11) Pause Young (Normal) (G1 Evacuation Pause)
[14.316s][info][gc,task      ] GC(11) Using 4 workers of 4 for evacuation
[14.332s][info][gc,phases    ] GC(11)   Pre Evacuate Collection Set: 0.0ms
[14.332s][info][gc,phases    ] GC(11)   Evacuate Collection Set: 15.6ms
[14.332s][info][gc,phases    ] GC(11)   Post Evacuate Collection Set: 0.3ms
[14.332s][info][gc,phases    ] GC(11)   Other: 0.2ms
[14.332s][info][gc,heap      ] GC(11) Eden regions: 144->0(248)
[14.332s][info][gc,heap      ] GC(11) Survivor regions: 5->9(19)
[14.332s][info][gc,heap      ] GC(11) Old regions: 85->85
[14.332s][info][gc,heap      ] GC(11) Humongous regions: 18->18
[14.332s][info][gc,metaspace ] GC(11) Metaspace: 9052K->9052K(1058816K)
[14.332s][info][gc           ] GC(11) Pause Young (Normal) (G1 Evacuation Pause) 251M->110M(1024M) 16.467ms
[14.332s][info][gc,cpu       ] GC(11) User=0.06s Sys=0.00s Real=0.02s
[15.683s][info][gc,start     ] GC(12) Pause Young (Normal) (G1 Evacuation Pause)
[15.683s][info][gc,task      ] GC(12) Using 4 workers of 4 for evacuation
[15.707s][info][gc,phases    ] GC(12)   Pre Evacuate Collection Set: 0.0ms
[15.707s][info][gc,phases    ] GC(12)   Evacuate Collection Set: 22.9ms
[15.707s][info][gc,phases    ] GC(12)   Post Evacuate Collection Set: 0.4ms
[15.707s][info][gc,phases    ] GC(12)   Other: 0.2ms
[15.707s][info][gc,heap      ] GC(12) Eden regions: 248->0(598)
[15.707s][info][gc,heap      ] GC(12) Survivor regions: 9->16(33)
[15.707s][info][gc,heap      ] GC(12) Old regions: 85->85
[15.707s][info][gc,heap      ] GC(12) Humongous regions: 18->18
[15.707s][info][gc,metaspace ] GC(12) Metaspace: 9052K->9052K(1058816K)
[15.707s][info][gc           ] GC(12) Pause Young (Normal) (G1 Evacuation Pause) 358M->118M(1024M) 23.789ms
[15.707s][info][gc,cpu       ] GC(12) User=0.13s Sys=0.00s Real=0.02s
[19.016s][info][gc,start     ] GC(13) Pause Young (Normal) (G1 Evacuation Pause)
[19.016s][info][gc,task      ] GC(13) Using 4 workers of 4 for evacuation
[19.061s][info][gc,phases    ] GC(13)   Pre Evacuate Collection Set: 0.0ms
[19.061s][info][gc,phases    ] GC(13)   Evacuate Collection Set: 44.4ms
[19.061s][info][gc,phases    ] GC(13)   Post Evacuate Collection Set: 0.7ms
[19.061s][info][gc,phases    ] GC(13)   Other: 0.3ms
[19.061s][info][gc,heap      ] GC(13) Eden regions: 598->0(580)
[19.061s][info][gc,heap      ] GC(13) Survivor regions: 16->34(77)
[19.061s][info][gc,heap      ] GC(13) Old regions: 85->85
[19.061s][info][gc,heap      ] GC(13) Humongous regions: 19->19
[19.061s][info][gc,metaspace ] GC(13) Metaspace: 9052K->9052K(1058816K)
[19.061s][info][gc           ] GC(13) Pause Young (Normal) (G1 Evacuation Pause) 717M->137M(1024M) 45.806ms
[19.061s][info][gc,cpu       ] GC(13) User=0.19s Sys=0.00s Real=0.05s
[22.040s][info][gc,start     ] GC(14) Pause Young (Normal) (G1 Evacuation Pause)
[22.040s][info][gc,task      ] GC(14) Using 4 workers of 4 for evacuation
[22.095s][info][gc,phases    ] GC(14)   Pre Evacuate Collection Set: 0.0ms
[22.095s][info][gc,phases    ] GC(14)   Evacuate Collection Set: 53.6ms
[22.095s][info][gc,phases    ] GC(14)   Post Evacuate Collection Set: 0.5ms
[22.095s][info][gc,phases    ] GC(14)   Other: 0.2ms
[22.095s][info][gc,heap      ] GC(14) Eden regions: 580->0(563)
[22.095s][info][gc,heap      ] GC(14) Survivor regions: 34->51(77)
[22.095s][info][gc,heap      ] GC(14) Old regions: 85->85
[22.095s][info][gc,heap      ] GC(14) Humongous regions: 21->21
[22.095s][info][gc,metaspace ] GC(14) Metaspace: 9052K->9052K(1058816K)
[22.095s][info][gc           ] GC(14) Pause Young (Normal) (G1 Evacuation Pause) 719M->156M(1024M) 54.636ms
[22.095s][info][gc,cpu       ] GC(14) User=0.23s Sys=0.02s Real=0.06s
[24.903s][info][gc,start     ] GC(15) Pause Young (Normal) (G1 Evacuation Pause)
[24.903s][info][gc,task      ] GC(15) Using 4 workers of 4 for evacuation
[24.972s][info][gc,phases    ] GC(15)   Pre Evacuate Collection Set: 0.0ms
[24.972s][info][gc,phases    ] GC(15)   Evacuate Collection Set: 68.7ms
[24.972s][info][gc,phases    ] GC(15)   Post Evacuate Collection Set: 0.5ms
[24.972s][info][gc,phases    ] GC(15)   Other: 0.2ms
[24.972s][info][gc,heap      ] GC(15) Eden regions: 563->0(561)
[24.972s][info][gc,heap      ] GC(15) Survivor regions: 51->53(77)
[24.972s][info][gc,heap      ] GC(15) Old regions: 85->100
[24.972s][info][gc,heap      ] GC(15) Humongous regions: 21->21
[24.972s][info][gc,metaspace ] GC(15) Metaspace: 9052K->9052K(1058816K)
[24.972s][info][gc           ] GC(15) Pause Young (Normal) (G1 Evacuation Pause) 719M->173M(1024M) 69.625ms
[24.972s][info][gc,cpu       ] GC(15) User=0.30s Sys=0.00s Real=0.07s
[27.778s][info][gc,start     ] GC(16) Pause Young (Normal) (G1 Evacuation Pause)
[27.778s][info][gc,task      ] GC(16) Using 4 workers of 4 for evacuation
[27.841s][info][gc,phases    ] GC(16)   Pre Evacuate Collection Set: 0.0ms
[27.841s][info][gc,phases    ] GC(16)   Evacuate Collection Set: 61.5ms
[27.841s][info][gc,phases    ] GC(16)   Post Evacuate Collection Set: 0.5ms
[27.841s][info][gc,phases    ] GC(16)   Other: 0.2ms
[27.841s][info][gc,heap      ] GC(16) Eden regions: 561->0(562)
[27.841s][info][gc,heap      ] GC(16) Survivor regions: 53->52(77)
[27.841s][info][gc,heap      ] GC(16) Old regions: 100->119
[27.841s][info][gc,heap      ] GC(16) Humongous regions: 21->21
[27.841s][info][gc,metaspace ] GC(16) Metaspace: 9052K->9052K(1058816K)
[27.841s][info][gc           ] GC(16) Pause Young (Normal) (G1 Evacuation Pause) 734M->191M(1024M) 62.575ms
[27.841s][info][gc,cpu       ] GC(16) User=0.23s Sys=0.02s Real=0.06s
[30.676s][info][gc,start     ] GC(17) Pause Young (Normal) (G1 Evacuation Pause)
[30.676s][info][gc,task      ] GC(17) Using 4 workers of 4 for evacuation
[30.741s][info][gc,phases    ] GC(17)   Pre Evacuate Collection Set: 0.0ms
[30.741s][info][gc,phases    ] GC(17)   Evacuate Collection Set: 64.6ms
[30.741s][info][gc,phases    ] GC(17)   Post Evacuate Collection Set: 0.6ms
[30.741s][info][gc,phases    ] GC(17)   Other: 0.2ms
[30.741s][info][gc,heap      ] GC(17) Eden regions: 562->0(563)
[30.741s][info][gc,heap      ] GC(17) Survivor regions: 52->51(77)
[30.741s][info][gc,heap      ] GC(17) Old regions: 119->137
[30.741s][info][gc,heap      ] GC(17) Humongous regions: 24->24
[30.741s][info][gc,metaspace ] GC(17) Metaspace: 9052K->9052K(1058816K)
[30.741s][info][gc           ] GC(17) Pause Young (Normal) (G1 Evacuation Pause) 756M->212M(1024M) 65.724ms
[30.742s][info][gc,cpu       ] GC(17) User=0.25s Sys=0.00s Real=0.07s
[33.625s][info][gc,start     ] GC(18) Pause Young (Normal) (G1 Evacuation Pause)
[33.625s][info][gc,task      ] GC(18) Using 4 workers of 4 for evacuation
[33.692s][info][gc,phases    ] GC(18)   Pre Evacuate Collection Set: 0.0ms
[33.693s][info][gc,phases    ] GC(18)   Evacuate Collection Set: 67.2ms
[33.693s][info][gc,phases    ] GC(18)   Post Evacuate Collection Set: 0.6ms
[33.693s][info][gc,phases    ] GC(18)   Other: 0.2ms
[33.693s][info][gc,heap      ] GC(18) Eden regions: 563->0(563)
[33.693s][info][gc,heap      ] GC(18) Survivor regions: 51->51(77)
[33.693s][info][gc,heap      ] GC(18) Old regions: 137->154
[33.693s][info][gc,heap      ] GC(18) Humongous regions: 24->24
[33.693s][info][gc,metaspace ] GC(18) Metaspace: 9052K->9052K(1058816K)
[33.693s][info][gc           ] GC(18) Pause Young (Normal) (G1 Evacuation Pause) 775M->229M(1024M) 68.233ms
[33.693s][info][gc,cpu       ] GC(18) User=0.23s Sys=0.00s Real=0.07s
[36.641s][info][gc,start     ] GC(19) Pause Young (Normal) (G1 Evacuation Pause)
[36.641s][info][gc,task      ] GC(19) Using 4 workers of 4 for evacuation
[36.709s][info][gc,phases    ] GC(19)   Pre Evacuate Collection Set: 0.0ms
[36.710s][info][gc,phases    ] GC(19)   Evacuate Collection Set: 67.4ms
[36.710s][info][gc,phases    ] GC(19)   Post Evacuate Collection Set: 0.6ms
[36.710s][info][gc,phases    ] GC(19)   Other: 0.3ms
[36.710s][info][gc,heap      ] GC(19) Eden regions: 563->0(563)
[36.710s][info][gc,heap      ] GC(19) Survivor regions: 51->51(77)
[36.710s][info][gc,heap      ] GC(19) Old regions: 154->171
[36.710s][info][gc,heap      ] GC(19) Humongous regions: 24->24
[36.710s][info][gc,metaspace ] GC(19) Metaspace: 9052K->9052K(1058816K)
[36.710s][info][gc           ] GC(19) Pause Young (Normal) (G1 Evacuation Pause) 792M->246M(1024M) 68.502ms
[36.710s][info][gc,cpu       ] GC(19) User=0.23s Sys=0.02s Real=0.07s
[39.572s][info][gc,start     ] GC(20) Pause Young (Normal) (G1 Evacuation Pause)
[39.572s][info][gc,task      ] GC(20) Using 4 workers of 4 for evacuation
[39.640s][info][gc,phases    ] GC(20)   Pre Evacuate Collection Set: 0.0ms
[39.640s][info][gc,phases    ] GC(20)   Evacuate Collection Set: 67.6ms
[39.640s][info][gc,phases    ] GC(20)   Post Evacuate Collection Set: 0.6ms
[39.641s][info][gc,phases    ] GC(20)   Other: 0.3ms
[39.641s][info][gc,heap      ] GC(20) Eden regions: 563->0(563)
[39.641s][info][gc,heap      ] GC(20) Survivor regions: 51->51(77)
[39.641s][info][gc,heap      ] GC(20) Old regions: 171->189
[39.641s][info][gc,heap      ] GC(20) Humongous regions: 24->24
[39.641s][info][gc,metaspace ] GC(20) Metaspace: 9052K->9052K(1058816K)
[39.641s][info][gc           ] GC(20) Pause Young (Normal) (G1 Evacuation Pause) 809M->263M(1024M) 68.779ms
[39.641s][info][gc,cpu       ] GC(20) User=0.30s Sys=0.00s Real=0.07s
[42.904s][info][gc,start     ] GC(21) Pause Young (Normal) (G1 Evacuation Pause)
[42.904s][info][gc,task      ] GC(21) Using 4 workers of 4 for evacuation
[42.974s][info][gc,phases    ] GC(21)   Pre Evacuate Collection Set: 0.0ms
[42.974s][info][gc,phases    ] GC(21)   Evacuate Collection Set: 69.1ms
[42.974s][info][gc,phases    ] GC(21)   Post Evacuate Collection Set: 0.7ms
[42.974s][info][gc,phases    ] GC(21)   Other: 0.4ms
[42.974s][info][gc,heap      ] GC(21) Eden regions: 563->0(563)
[42.974s][info][gc,heap      ] GC(21) Survivor regions: 51->51(77)
[42.974s][info][gc,heap      ] GC(21) Old regions: 189->207
[42.974s][info][gc,heap      ] GC(21) Humongous regions: 29->29
[42.974s][info][gc,metaspace ] GC(21) Metaspace: 9052K->9052K(1058816K)
[42.974s][info][gc           ] GC(21) Pause Young (Normal) (G1 Evacuation Pause) 831M->286M(1024M) 70.502ms
[42.974s][info][gc,cpu       ] GC(21) User=0.30s Sys=0.02s Real=0.07s
[46.007s][info][gc,start     ] GC(22) Pause Young (Normal) (G1 Evacuation Pause)
[46.007s][info][gc,task      ] GC(22) Using 4 workers of 4 for evacuation
[46.075s][info][gc,phases    ] GC(22)   Pre Evacuate Collection Set: 0.0ms
[46.075s][info][gc,phases    ] GC(22)   Evacuate Collection Set: 67.2ms
[46.075s][info][gc,phases    ] GC(22)   Post Evacuate Collection Set: 0.6ms
[46.075s][info][gc,phases    ] GC(22)   Other: 0.3ms
[46.075s][info][gc,heap      ] GC(22) Eden regions: 563->0(563)
[46.075s][info][gc,heap      ] GC(22) Survivor regions: 51->51(77)
[46.076s][info][gc,heap      ] GC(22) Old regions: 207->225
[46.076s][info][gc,heap      ] GC(22) Humongous regions: 29->29
[46.076s][info][gc,metaspace ] GC(22) Metaspace: 9052K->9052K(1058816K)
[46.076s][info][gc           ] GC(22) Pause Young (Normal) (G1 Evacuation Pause) 849M->305M(1024M) 68.356ms
[46.076s][info][gc,cpu       ] GC(22) User=0.23s Sys=0.00s Real=0.07s
[51.021s][info][gc,start     ] GC(23) Pause Young (Normal) (G1 Evacuation Pause)
[51.021s][info][gc,task      ] GC(23) Using 4 workers of 4 for evacuation
[51.093s][info][gc,phases    ] GC(23)   Pre Evacuate Collection Set: 0.0ms
[51.093s][info][gc,phases    ] GC(23)   Evacuate Collection Set: 71.6ms
[51.093s][info][gc,phases    ] GC(23)   Post Evacuate Collection Set: 0.7ms
[51.093s][info][gc,phases    ] GC(23)   Other: 0.3ms
[51.093s][info][gc,heap      ] GC(23) Eden regions: 563->0(547)
[51.093s][info][gc,heap      ] GC(23) Survivor regions: 51->51(77)
[51.093s][info][gc,heap      ] GC(23) Old regions: 225->243
[51.093s][info][gc,heap      ] GC(23) Humongous regions: 29->29
[51.093s][info][gc,metaspace ] GC(23) Metaspace: 9052K->9052K(1058816K)
[51.093s][info][gc           ] GC(23) Pause Young (Normal) (G1 Evacuation Pause) 868M->323M(1024M) 72.927ms
[51.093s][info][gc,cpu       ] GC(23) User=0.30s Sys=0.00s Real=0.07s
