[0.018s][info][gc,heap] Heap region size: 1M
[0.053s][info][gc     ] Using G1
[0.053s][info][gc,heap,coops] Heap address: 0x00000000c0000000, size: 1024 MB, Compressed Oops mode: 32-bit
[6.796s][info][gc,start     ] GC(0) Pause Young (Normal) (G1 Evacuation Pause)
[6.797s][info][gc,task      ] GC(0) Using 4 workers of 4 for evacuation
[6.808s][info][gc,phases    ] GC(0)   Pre Evacuate Collection Set: 0.0ms
[6.808s][info][gc,phases    ] GC(0)   Evacuate Collection Set: 10.6ms
[6.808s][info][gc,phases    ] GC(0)   Post Evacuate Collection Set: 0.3ms
[6.808s][info][gc,phases    ] GC(0)   Other: 0.4ms
[6.808s][info][gc,heap      ] GC(0) Eden regions: 51->0(44)
[6.808s][info][gc,heap      ] GC(0) Survivor regions: 0->7(7)
[6.837s][info][gc,heap      ] GC(0) Old regions: 0->2
[6.837s][info][gc,heap      ] GC(0) Humongous regions: 0->0
[6.837s][info][gc,metaspace ] GC(0) Metaspace: 8775K->8775K(1056768K)
[6.837s][info][gc           ] GC(0) Pause Young (Normal) (G1 Evacuation Pause) 51M->8M(1024M) 40.721ms
[6.837s][info][gc,cpu       ] GC(0) User=0.06s Sys=0.00s Real=0.04s
[6.938s][info][gc,start     ] GC(1) Pause Young (Normal) (G1 Evacuation Pause)
[6.938s][info][gc,task      ] GC(1) Using 4 workers of 4 for evacuation
[6.953s][info][gc,phases    ] GC(1)   Pre Evacuate Collection Set: 0.0ms
[6.953s][info][gc,phases    ] GC(1)   Evacuate Collection Set: 14.8ms
[6.953s][info][gc,phases    ] GC(1)   Post Evacuate Collection Set: 0.3ms
[6.953s][info][gc,phases    ] GC(1)   Other: 0.2ms
[6.953s][info][gc,heap      ] GC(1) Eden regions: 44->0(45)
[6.953s][info][gc,heap      ] GC(1) Survivor regions: 7->6(7)
[6.953s][info][gc,heap      ] GC(1) Old regions: 2->9
[6.953s][info][gc,heap      ] GC(1) Humongous regions: 1->1
[6.953s][info][gc,metaspace ] GC(1) Metaspace: 8789K->8789K(1056768K)
[6.953s][info][gc           ] GC(1) Pause Young (Normal) (G1 Evacuation Pause) 53M->15M(1024M) 15.644ms
[6.953s][info][gc,cpu       ] GC(1) User=0.06s Sys=0.00s Real=0.02s
[7.066s][info][gc,start     ] GC(2) Pause Young (Normal) (G1 Evacuation Pause)
[7.066s][info][gc,task      ] GC(2) Using 4 workers of 4 for evacuation
[7.082s][info][gc,phases    ] GC(2)   Pre Evacuate Collection Set: 0.0ms
[7.083s][info][gc,phases    ] GC(2)   Evacuate Collection Set: 16.4ms
[7.083s][info][gc,phases    ] GC(2)   Post Evacuate Collection Set: 0.2ms
[7.083s][info][gc,phases    ] GC(2)   Other: 0.2ms
[7.083s][info][gc,heap      ] GC(2) Eden regions: 45->0(44)
[7.083s][info][gc,heap      ] GC(2) Survivor regions: 6->7(7)
[7.083s][info][gc,heap      ] GC(2) Old regions: 9->15
[7.083s][info][gc,heap      ] GC(2) Humongous regions: 3->3
[7.083s][info][gc,metaspace ] GC(2) Metaspace: 8790K->8790K(1056768K)
[7.083s][info][gc           ] GC(2) Pause Young (Normal) (G1 Evacuation Pause) 62M->24M(1024M) 17.039ms
[7.083s][info][gc,cpu       ] GC(2) User=0.06s Sys=0.00s Real=0.02s
[7.188s][info][gc,start     ] GC(3) Pause Young (Normal) (G1 Evacuation Pause)
[7.188s][info][gc,task      ] GC(3) Using 4 workers of 4 for evacuation
[7.206s][info][gc,phases    ] GC(3)   Pre Evacuate Collection Set: 0.0ms
[7.206s][info][gc,phases    ] GC(3)   Evacuate Collection Set: 17.5ms
[7.206s][info][gc,phases    ] GC(3)   Post Evacuate Collection Set: 0.4ms
[7.206s][info][gc,phases    ] GC(3)   Other: 0.2ms
[7.206s][info][gc,heap      ] GC(3) Eden regions: 44->0(44)
[7.206s][info][gc,heap      ] GC(3) Survivor regions: 7->7(7)
[7.206s][info][gc,heap      ] GC(3) Old regions: 15->22
[7.206s][info][gc,heap      ] GC(3) Humongous regions: 3->3
[7.206s][info][gc,metaspace ] GC(3) Metaspace: 8790K->8790K(1056768K)
[7.206s][info][gc           ] GC(3) Pause Young (Normal) (G1 Evacuation Pause) 68M->30M(1024M) 18.352ms
[7.206s][info][gc,cpu       ] GC(3) User=0.06s Sys=0.00s Real=0.02s
[7.321s][info][gc,start     ] GC(4) Pause Young (Normal) (G1 Evacuation Pause)
[7.321s][info][gc,task      ] GC(4) Using 4 workers of 4 for evacuation
[7.340s][info][gc,phases    ] GC(4)   Pre Evacuate Collection Set: 0.0ms
[7.340s][info][gc,phases    ] GC(4)   Evacuate Collection Set: 19.0ms
[7.340s][info][gc,phases    ] GC(4)   Post Evacuate Collection Set: 0.3ms
[7.340s][info][gc,phases    ] GC(4)   Other: 0.2ms
[7.340s][info][gc,heap      ] GC(4) Eden regions: 44->0(45)
[7.340s][info][gc,heap      ] GC(4) Survivor regions: 7->6(7)
[7.340s][info][gc,heap      ] GC(4) Old regions: 22->28
[7.340s][info][gc,heap      ] GC(4) Humongous regions: 3->3
[7.340s][info][gc,metaspace ] GC(4) Metaspace: 8790K->8790K(1056768K)
[7.341s][info][gc           ] GC(4) Pause Young (Normal) (G1 Evacuation Pause) 74M->36M(1024M) 19.871ms
[7.341s][info][gc,cpu       ] GC(4) User=0.06s Sys=0.00s Real=0.02s
[7.475s][info][gc,start     ] GC(5) Pause Young (Normal) (G1 Evacuation Pause)
[7.475s][info][gc,task      ] GC(5) Using 4 workers of 4 for evacuation
[7.497s][info][gc,phases    ] GC(5)   Pre Evacuate Collection Set: 0.0ms
[7.497s][info][gc,phases    ] GC(5)   Evacuate Collection Set: 21.0ms
[7.497s][info][gc,phases    ] GC(5)   Post Evacuate Collection Set: 0.3ms
[7.497s][info][gc,phases    ] GC(5)   Other: 0.2ms
[7.497s][info][gc,heap      ] GC(5) Eden regions: 45->0(44)
[7.497s][info][gc,heap      ] GC(5) Survivor regions: 6->7(7)
[7.497s][info][gc,heap      ] GC(5) Old regions: 28->34
[7.497s][info][gc,heap      ] GC(5) Humongous regions: 6->6
[7.497s][info][gc,metaspace ] GC(5) Metaspace: 8790K->8790K(1056768K)
[7.497s][info][gc           ] GC(5) Pause Young (Normal) (G1 Evacuation Pause) 84M->46M(1024M) 21.781ms
[7.497s][info][gc,cpu       ] GC(5) User=0.06s Sys=0.00s Real=0.02s
[7.605s][info][gc,start     ] GC(6) Pause Young (Normal) (G1 Evacuation Pause)
[7.606s][info][gc,task      ] GC(6) Using 4 workers of 4 for evacuation
[7.626s][info][gc,phases    ] GC(6)   Pre Evacuate Collection Set: 0.0ms
[7.626s][info][gc,phases    ] GC(6)   Evacuate Collection Set: 19.6ms
[7.626s][info][gc,phases    ] GC(6)   Post Evacuate Collection Set: 0.4ms
[7.626s][info][gc,phases    ] GC(6)   Other: 0.2ms
[7.626s][info][gc,heap      ] GC(6) Eden regions: 44->0(62)
[7.626s][info][gc,heap      ] GC(6) Survivor regions: 7->7(7)
[7.626s][info][gc,heap      ] GC(6) Old regions: 34->41
[7.626s][info][gc,heap      ] GC(6) Humongous regions: 6->6
[7.626s][info][gc,metaspace ] GC(6) Metaspace: 8790K->8790K(1056768K)
[7.626s][info][gc           ] GC(6) Pause Young (Normal) (G1 Evacuation Pause) 90M->52M(1024M) 20.447ms
[7.626s][info][gc,cpu       ] GC(6) User=0.13s Sys=0.00s Real=0.02s
[7.746s][info][gc,start     ] GC(7) Pause Young (Normal) (G1 Evacuation Pause)
[7.746s][info][gc,task      ] GC(7) Using 4 workers of 4 for evacuation
[7.775s][info][gc,phases    ] GC(7)   Pre Evacuate Collection Set: 0.0ms
[7.775s][info][gc,phases    ] GC(7)   Evacuate Collection Set: 28.2ms
[7.775s][info][gc,phases    ] GC(7)   Post Evacuate Collection Set: 0.4ms
[7.775s][info][gc,phases    ] GC(7)   Other: 0.2ms
[7.775s][info][gc,heap      ] GC(7) Eden regions: 62->0(454)
[7.775s][info][gc,heap      ] GC(7) Survivor regions: 7->9(9)
[7.775s][info][gc,heap      ] GC(7) Old regions: 41->47
[7.775s][info][gc,heap      ] GC(7) Humongous regions: 6->6
[7.775s][info][gc,metaspace ] GC(7) Metaspace: 8790K->8790K(1056768K)
[7.775s][info][gc           ] GC(7) Pause Young (Normal) (G1 Evacuation Pause) 114M->61M(1024M) 29.018ms
[7.775s][info][gc,cpu       ] GC(7) User=0.13s Sys=0.00s Real=0.03s
[7.942s][info][gc,start     ] GC(8) Pause Young (Normal) (G1 Evacuation Pause)
[7.942s][info][gc,task      ] GC(8) Using 4 workers of 4 for evacuation
[7.977s][info][gc,phases    ] GC(8)   Pre Evacuate Collection Set: 0.0ms
[7.977s][info][gc,phases    ] GC(8)   Evacuate Collection Set: 34.4ms
[7.977s][info][gc,phases    ] GC(8)   Post Evacuate Collection Set: 0.5ms
[7.977s][info][gc,phases    ] GC(8)   Other: 0.2ms
[7.977s][info][gc,heap      ] GC(8) Eden regions: 82->0(105)
[7.977s][info][gc,heap      ] GC(8) Survivor regions: 9->12(12)
[7.977s][info][gc,heap      ] GC(8) Old regions: 47->56
[7.977s][info][gc,heap      ] GC(8) Humongous regions: 6->6
[7.977s][info][gc,metaspace ] GC(8) Metaspace: 8793K->8793K(1056768K)
[7.977s][info][gc           ] GC(8) Pause Young (Normal) (G1 Evacuation Pause) 143M->73M(1024M) 35.385ms
[7.977s][info][gc,cpu       ] GC(8) User=0.13s Sys=0.00s Real=0.04s
[8.242s][info][gc,start     ] GC(9) Pause Young (Normal) (G1 Evacuation Pause)
[8.242s][info][gc,task      ] GC(9) Using 4 workers of 4 for evacuation
[8.290s][info][gc,phases    ] GC(9)   Pre Evacuate Collection Set: 0.0ms
[8.290s][info][gc,phases    ] GC(9)   Evacuate Collection Set: 47.2ms
[8.290s][info][gc,phases    ] GC(9)   Post Evacuate Collection Set: 0.5ms
[8.290s][info][gc,phases    ] GC(9)   Other: 0.2ms
[8.290s][info][gc,heap      ] GC(9) Eden regions: 101->0(497)
[8.290s][info][gc,heap      ] GC(9) Survivor regions: 12->15(15)
[8.290s][info][gc,heap      ] GC(9) Old regions: 56->68
[8.290s][info][gc,heap      ] GC(9) Humongous regions: 11->11
[8.290s][info][gc,metaspace ] GC(9) Metaspace: 8795K->8795K(1056768K)
[8.290s][info][gc           ] GC(9) Pause Young (Normal) (G1 Evacuation Pause) 179M->92M(1024M) 48.222ms
[8.290s][info][gc,cpu       ] GC(9) User=0.16s Sys=0.02s Real=0.05s
[17.570s][info][gc,start     ] GC(10) Pause Young (Normal) (G1 Evacuation Pause)
[17.570s][info][gc,task      ] GC(10) Using 4 workers of 4 for evacuation
[17.620s][info][gc,phases    ] GC(10)   Pre Evacuate Collection Set: 0.0ms
[17.620s][info][gc,phases    ] GC(10)   Evacuate Collection Set: 49.6ms
[17.620s][info][gc,phases    ] GC(10)   Post Evacuate Collection Set: 0.6ms
[17.620s][info][gc,phases    ] GC(10)   Other: 0.2ms
[17.620s][info][gc,heap      ] GC(10) Eden regions: 68->0(336)
[17.620s][info][gc,heap      ] GC(10) Survivor regions: 15->8(11)
[17.620s][info][gc,heap      ] GC(10) Old regions: 68->82
[17.621s][info][gc,heap      ] GC(10) Humongous regions: 18->18
[17.621s][info][gc,metaspace ] GC(10) Metaspace: 14661K->14661K(1062912K)
[17.621s][info][gc           ] GC(10) Pause Young (Normal) (G1 Evacuation Pause) 167M->108M(1024M) 50.782ms
[17.621s][info][gc,cpu       ] GC(10) User=0.19s Sys=0.00s Real=0.05s
[19.719s][info][gc,start     ] GC(11) Pause Young (Normal) (G1 Evacuation Pause)
[19.719s][info][gc,task      ] GC(11) Using 4 workers of 4 for evacuation
[19.749s][info][gc,phases    ] GC(11)   Pre Evacuate Collection Set: 0.0ms
[19.749s][info][gc,phases    ] GC(11)   Evacuate Collection Set: 29.2ms
[19.749s][info][gc,phases    ] GC(11)   Post Evacuate Collection Set: 0.5ms
[19.749s][info][gc,phases    ] GC(11)   Other: 0.3ms
[19.749s][info][gc,heap      ] GC(11) Eden regions: 336->0(360)
[19.749s][info][gc,heap      ] GC(11) Survivor regions: 8->19(43)
[19.749s][info][gc,heap      ] GC(11) Old regions: 82->82
[19.749s][info][gc,heap      ] GC(11) Humongous regions: 18->18
[19.749s][info][gc,metaspace ] GC(11) Metaspace: 14710K->14710K(1062912K)
[19.749s][info][gc           ] GC(11) Pause Young (Normal) (G1 Evacuation Pause) 444M->118M(1024M) 30.342ms
[19.749s][info][gc,cpu       ] GC(11) User=0.06s Sys=0.00s Real=0.03s
[21.514s][info][gc,start     ] GC(12) Pause Young (Normal) (G1 Evacuation Pause)
[21.514s][info][gc,task      ] GC(12) Using 4 workers of 4 for evacuation
[21.554s][info][gc,phases    ] GC(12)   Pre Evacuate Collection Set: 0.0ms
[21.554s][info][gc,phases    ] GC(12)   Evacuate Collection Set: 39.4ms
[21.554s][info][gc,phases    ] GC(12)   Post Evacuate Collection Set: 0.5ms
[21.554s][info][gc,phases    ] GC(12)   Other: 0.2ms
[21.554s][info][gc,heap      ] GC(12) Eden regions: 360->0(585)
[21.554s][info][gc,heap      ] GC(12) Survivor regions: 19->29(48)
[21.554s][info][gc,heap      ] GC(12) Old regions: 82->82
[21.554s][info][gc,heap      ] GC(12) Humongous regions: 19->19
[21.554s][info][gc,metaspace ] GC(12) Metaspace: 14727K->14727K(1062912K)
[21.555s][info][gc           ] GC(12) Pause Young (Normal) (G1 Evacuation Pause) 479M->129M(1024M) 40.465ms
[21.555s][info][gc,cpu       ] GC(12) User=0.16s Sys=0.03s Real=0.04s
[24.622s][info][gc,start     ] GC(13) Pause Young (Normal) (G1 Evacuation Pause)
[24.622s][info][gc,task      ] GC(13) Using 4 workers of 4 for evacuation
[24.679s][info][gc,phases    ] GC(13)   Pre Evacuate Collection Set: 0.0ms
[24.679s][info][gc,phases    ] GC(13)   Evacuate Collection Set: 56.5ms
[24.679s][info][gc,phases    ] GC(13)   Post Evacuate Collection Set: 0.6ms
[24.679s][info][gc,phases    ] GC(13)   Other: 0.3ms
[24.680s][info][gc,heap      ] GC(13) Eden regions: 585->0(567)
[24.680s][info][gc,heap      ] GC(13) Survivor regions: 29->47(77)
[24.680s][info][gc,heap      ] GC(13) Old regions: 82->82
[24.680s][info][gc,heap      ] GC(13) Humongous regions: 19->19
[24.680s][info][gc,metaspace ] GC(13) Metaspace: 14780K->14780K(1062912K)
[24.680s][info][gc           ] GC(13) Pause Young (Normal) (G1 Evacuation Pause) 714M->147M(1024M) 57.724ms
[24.680s][info][gc,cpu       ] GC(13) User=0.22s Sys=0.03s Real=0.06s
[27.406s][info][gc,start     ] GC(14) Pause Young (Normal) (G1 Evacuation Pause)
[27.406s][info][gc,task      ] GC(14) Using 4 workers of 4 for evacuation
[27.470s][info][gc,phases    ] GC(14)   Pre Evacuate Collection Set: 0.0ms
[27.470s][info][gc,phases    ] GC(14)   Evacuate Collection Set: 63.4ms
[27.470s][info][gc,phases    ] GC(14)   Post Evacuate Collection Set: 0.5ms
[27.470s][info][gc,phases    ] GC(14)   Other: 0.2ms
[27.470s][info][gc,heap      ] GC(14) Eden regions: 567->0(559)
[27.470s][info][gc,heap      ] GC(14) Survivor regions: 47->55(77)
[27.470s][info][gc,heap      ] GC(14) Old regions: 82->90
[27.470s][info][gc,heap      ] GC(14) Humongous regions: 21->21
[27.470s][info][gc,metaspace ] GC(14) Metaspace: 14834K->14834K(1062912K)
[27.470s][info][gc           ] GC(14) Pause Young (Normal) (G1 Evacuation Pause) 716M->165M(1024M) 64.463ms
[27.470s][info][gc,cpu       ] GC(14) User=0.27s Sys=0.02s Real=0.06s
[30.177s][info][gc,start     ] GC(15) Pause Young (Normal) (G1 Evacuation Pause)
[30.177s][info][gc,task      ] GC(15) Using 4 workers of 4 for evacuation
[30.238s][info][gc,phases    ] GC(15)   Pre Evacuate Collection Set: 0.0ms
[30.238s][info][gc,phases    ] GC(15)   Evacuate Collection Set: 60.5ms
[30.238s][info][gc,phases    ] GC(15)   Post Evacuate Collection Set: 0.5ms
[30.238s][info][gc,phases    ] GC(15)   Other: 0.2ms
[30.238s][info][gc,heap      ] GC(15) Eden regions: 559->0(562)
[30.238s][info][gc,heap      ] GC(15) Survivor regions: 55->52(77)
[30.238s][info][gc,heap      ] GC(15) Old regions: 90->111
[30.238s][info][gc,heap      ] GC(15) Humongous regions: 21->21
[30.238s][info][gc,metaspace ] GC(15) Metaspace: 14839K->14839K(1062912K)
[30.238s][info][gc           ] GC(15) Pause Young (Normal) (G1 Evacuation Pause) 724M->183M(1024M) 61.452ms
[30.238s][info][gc,cpu       ] GC(15) User=0.25s Sys=0.00s Real=0.06s
[32.935s][info][gc,start     ] GC(16) Pause Young (Normal) (G1 Evacuation Pause)
[32.935s][info][gc,task      ] GC(16) Using 4 workers of 4 for evacuation
[32.997s][info][gc,phases    ] GC(16)   Pre Evacuate Collection Set: 0.0ms
[32.997s][info][gc,phases    ] GC(16)   Evacuate Collection Set: 61.1ms
[32.997s][info][gc,phases    ] GC(16)   Post Evacuate Collection Set: 0.6ms
[32.997s][info][gc,phases    ] GC(16)   Other: 0.2ms
[32.997s][info][gc,heap      ] GC(16) Eden regions: 562->0(563)
[32.997s][info][gc,heap      ] GC(16) Survivor regions: 52->51(77)
[32.997s][info][gc,heap      ] GC(16) Old regions: 111->129
[32.997s][info][gc,heap      ] GC(16) Humongous regions: 24->24
[32.997s][info][gc,metaspace ] GC(16) Metaspace: 14839K->14839K(1062912K)
[32.997s][info][gc           ] GC(16) Pause Young (Normal) (G1 Evacuation Pause) 748M->203M(1024M) 62.178ms
[32.997s][info][gc,cpu       ] GC(16) User=0.25s Sys=0.00s Real=0.06s
[35.707s][info][gc,start     ] GC(17) Pause Young (Normal) (G1 Evacuation Pause)
[35.707s][info][gc,task      ] GC(17) Using 4 workers of 4 for evacuation
[35.771s][info][gc,phases    ] GC(17)   Pre Evacuate Collection Set: 0.0ms
[35.771s][info][gc,phases    ] GC(17)   Evacuate Collection Set: 62.7ms
[35.771s][info][gc,phases    ] GC(17)   Post Evacuate Collection Set: 0.6ms
[35.771s][info][gc,phases    ] GC(17)   Other: 0.3ms
[35.771s][info][gc,heap      ] GC(17) Eden regions: 563->0(563)
[35.771s][info][gc,heap      ] GC(17) Survivor regions: 51->51(77)
[35.771s][info][gc,heap      ] GC(17) Old regions: 129->147
[35.771s][info][gc,heap      ] GC(17) Humongous regions: 24->24
[35.771s][info][gc,metaspace ] GC(17) Metaspace: 14850K->14850K(1062912K)
[35.771s][info][gc           ] GC(17) Pause Young (Normal) (G1 Evacuation Pause) 766M->221M(1024M) 63.844ms
[35.771s][info][gc,cpu       ] GC(17) User=0.25s Sys=0.00s Real=0.06s
[38.525s][info][gc,start     ] GC(18) Pause Young (Normal) (G1 Evacuation Pause)
[38.525s][info][gc,task      ] GC(18) Using 4 workers of 4 for evacuation
[38.587s][info][gc,phases    ] GC(18)   Pre Evacuate Collection Set: 0.0ms
[38.587s][info][gc,phases    ] GC(18)   Evacuate Collection Set: 61.6ms
[38.587s][info][gc,phases    ] GC(18)   Post Evacuate Collection Set: 0.6ms
[38.587s][info][gc,phases    ] GC(18)   Other: 0.3ms
[38.587s][info][gc,heap      ] GC(18) Eden regions: 563->0(563)
[38.587s][info][gc,heap      ] GC(18) Survivor regions: 51->51(77)
[38.587s][info][gc,heap      ] GC(18) Old regions: 147->164
[38.587s][info][gc,heap      ] GC(18) Humongous regions: 24->24
[38.588s][info][gc,metaspace ] GC(18) Metaspace: 14865K->14865K(1062912K)
[38.588s][info][gc           ] GC(18) Pause Young (Normal) (G1 Evacuation Pause) 784M->238M(1024M) 62.812ms
[38.588s][info][gc,cpu       ] GC(18) User=0.23s Sys=0.02s Real=0.06s
[41.458s][info][gc,start     ] GC(19) Pause Young (Normal) (G1 Evacuation Pause)
[41.458s][info][gc,task      ] GC(19) Using 4 workers of 4 for evacuation
[41.523s][info][gc,phases    ] GC(19)   Pre Evacuate Collection Set: 0.0ms
[41.523s][info][gc,phases    ] GC(19)   Evacuate Collection Set: 63.3ms
[41.523s][info][gc,phases    ] GC(19)   Post Evacuate Collection Set: 0.6ms
[41.523s][info][gc,phases    ] GC(19)   Other: 0.3ms
[41.523s][info][gc,heap      ] GC(19) Eden regions: 563->0(563)
[41.523s][info][gc,heap      ] GC(19) Survivor regions: 51->51(77)
[41.523s][info][gc,heap      ] GC(19) Old regions: 164->181
[41.523s][info][gc,heap      ] GC(19) Humongous regions: 24->24
[41.523s][info][gc,metaspace ] GC(19) Metaspace: 14871K->14871K(1062912K)
[41.523s][info][gc           ] GC(19) Pause Young (Normal) (G1 Evacuation Pause) 801M->256M(1024M) 64.492ms
[41.523s][info][gc,cpu       ] GC(19) User=0.23s Sys=0.02s Real=0.06s
[44.238s][info][gc,start     ] GC(20) Pause Young (Normal) (G1 Evacuation Pause)
[44.238s][info][gc,task      ] GC(20) Using 4 workers of 4 for evacuation
[44.303s][info][gc,phases    ] GC(20)   Pre Evacuate Collection Set: 0.0ms
[44.303s][info][gc,phases    ] GC(20)   Evacuate Collection Set: 64.4ms
[44.303s][info][gc,phases    ] GC(20)   Post Evacuate Collection Set: 0.6ms
[44.303s][info][gc,phases    ] GC(20)   Other: 0.3ms
[44.303s][info][gc,heap      ] GC(20) Eden regions: 563->0(563)
[44.303s][info][gc,heap      ] GC(20) Survivor regions: 51->51(77)
[44.304s][info][gc,heap      ] GC(20) Old regions: 181->199
[44.304s][info][gc,heap      ] GC(20) Humongous regions: 24->24
[44.304s][info][gc,metaspace ] GC(20) Metaspace: 14882K->14882K(1062912K)
[44.304s][info][gc           ] GC(20) Pause Young (Normal) (G1 Evacuation Pause) 819M->274M(1024M) 65.533ms
[44.304s][info][gc,cpu       ] GC(20) User=0.23s Sys=0.02s Real=0.07s
[47.053s][info][gc,start     ] GC(21) Pause Young (Normal) (G1 Evacuation Pause)
[47.054s][info][gc,task      ] GC(21) Using 4 workers of 4 for evacuation
[47.122s][info][gc,phases    ] GC(21)   Pre Evacuate Collection Set: 0.0ms
[47.122s][info][gc,phases    ] GC(21)   Evacuate Collection Set: 67.6ms
[47.122s][info][gc,phases    ] GC(21)   Post Evacuate Collection Set: 0.7ms
[47.122s][info][gc,phases    ] GC(21)   Other: 0.4ms
[47.122s][info][gc,heap      ] GC(21) Eden regions: 563->0(563)
[47.122s][info][gc,heap      ] GC(21) Survivor regions: 51->51(77)
[47.122s][info][gc,heap      ] GC(21) Old regions: 199->217
[47.122s][info][gc,heap      ] GC(21) Humongous regions: 29->29
[47.122s][info][gc,metaspace ] GC(21) Metaspace: 14903K->14903K(1062912K)
[47.122s][info][gc           ] GC(21) Pause Young (Normal) (G1 Evacuation Pause) 842M->296M(1024M) 68.972ms
[47.122s][info][gc,cpu       ] GC(21) User=0.25s Sys=0.00s Real=0.07s
[49.848s][info][gc,start     ] GC(22) Pause Young (Normal) (G1 Evacuation Pause)
[49.848s][info][gc,task      ] GC(22) Using 4 workers of 4 for evacuation
[49.915s][info][gc,phases    ] GC(22)   Pre Evacuate Collection Set: 0.0ms
[49.915s][info][gc,phases    ] GC(22)   Evacuate Collection Set: 66.0ms
[49.915s][info][gc,phases    ] GC(22)   Post Evacuate Collection Set: 0.6ms
[49.915s][info][gc,phases    ] GC(22)   Other: 0.3ms
[49.915s][info][gc,heap      ] GC(22) Eden regions: 563->0(555)
[49.915s][info][gc,heap      ] GC(22) Survivor regions: 51->51(77)
[49.915s][info][gc,heap      ] GC(22) Old regions: 217->235
[49.915s][info][gc,heap      ] GC(22) Humongous regions: 29->29
[49.915s][info][gc,metaspace ] GC(22) Metaspace: 14944K->14944K(1062912K)
[49.915s][info][gc           ] GC(22) Pause Young (Normal) (G1 Evacuation Pause) 859M->314M(1024M) 67.183ms
[49.915s][info][gc,cpu       ] GC(22) User=0.20s Sys=0.05s Real=0.07s
[52.595s][info][gc,start     ] GC(23) Pause Young (Normal) (G1 Evacuation Pause)
[52.595s][info][gc,task      ] GC(23) Using 4 workers of 4 for evacuation
[52.664s][info][gc,phases    ] GC(23)   Pre Evacuate Collection Set: 0.0ms
[52.664s][info][gc,phases    ] GC(23)   Evacuate Collection Set: 67.4ms
[52.664s][info][gc,phases    ] GC(23)   Post Evacuate Collection Set: 0.6ms
[52.664s][info][gc,phases    ] GC(23)   Other: 0.3ms
[52.664s][info][gc,heap      ] GC(23) Eden regions: 555->0(538)
[52.664s][info][gc,heap      ] GC(23) Survivor regions: 51->51(76)
[52.664s][info][gc,heap      ] GC(23) Old regions: 235->252
[52.664s][info][gc,heap      ] GC(23) Humongous regions: 29->29
[52.664s][info][gc,metaspace ] GC(23) Metaspace: 14952K->14952K(1062912K)
[52.664s][info][gc           ] GC(23) Pause Young (Normal) (G1 Evacuation Pause) 869M->331M(1024M) 68.570ms
[52.664s][info][gc,cpu       ] GC(23) User=0.23s Sys=0.00s Real=0.07s
[69.584s][info][gc,task      ] GC(24) Using 4 workers of 4 for full compaction
[69.584s][info][gc,start     ] GC(24) Pause Full (Heap Dump Initiated GC)
[69.584s][info][gc,phases,start] GC(24) Phase 1: Mark live objects
[69.809s][info][gc,stringtable ] GC(24) Cleaned string and symbol table, strings: 8050 processed, 59 removed, symbols: 49214 processed, 7 removed
[69.809s][info][gc,phases      ] GC(24) Phase 1: Mark live objects 224.928ms
[69.809s][info][gc,phases,start] GC(24) Phase 2: Prepare for compaction
[69.849s][info][gc,phases      ] GC(24) Phase 2: Prepare for compaction 40.277ms
[69.849s][info][gc,phases,start] GC(24) Phase 3: Adjust pointers
[69.959s][info][gc,phases      ] GC(24) Phase 3: Adjust pointers 109.238ms
[69.959s][info][gc,phases,start] GC(24) Phase 4: Compact heap
[70.013s][info][gc,phases      ] GC(24) Phase 4: Compact heap 54.468ms
[70.025s][info][gc,heap        ] GC(24) Eden regions: 69->0(573)
[70.025s][info][gc,heap        ] GC(24) Survivor regions: 51->0(76)
[70.025s][info][gc,heap        ] GC(24) Old regions: 252->290
[70.025s][info][gc,heap        ] GC(24) Humongous regions: 29->13
[70.025s][info][gc,metaspace   ] GC(24) Metaspace: 15048K->15048K(1062912K)
[70.025s][info][gc             ] GC(24) Pause Full (Heap Dump Initiated GC) 400M->301M(1024M) 440.915ms
[70.025s][info][gc,cpu         ] GC(24) User=1.66s Sys=0.05s Real=0.44s
